[    2834ms] [VERBOSE] [DOM] Input elements should have autocomplete attributes (suggested: "current-password"): (More info: https://goo.gl/9p2vKq) %o @ http://localhost:3000/login:0
[    2870ms] [INFO] %cDownload the React DevTools for a better development experience: https://react.dev/link/react-devtools font-weight:bold @ http://localhost:3000/_next/static/chunks/56a5d_next_dist_compiled_react-dom_c8ff7bf3._.js:14537
[  122807ms] [LOG] [Fast Refresh] rebuilding @ http://localhost:3000/_next/static/chunks/56a5d_next_dist_client_a85426b3._.js:5949
[  122964ms] [LOG] [Fast Refresh] done in 257ms @ http://localhost:3000/_next/static/chunks/56a5d_next_dist_client_a85426b3._.js:5809
[  125910ms] [LOG] [Fast Refresh] rebuilding @ http://localhost:3000/_next/static/chunks/56a5d_next_dist_client_a85426b3._.js:5949
[  125934ms] [LOG] [Fast Refresh] done in 125ms @ http://localhost:3000/_next/static/chunks/56a5d_next_dist_client_a85426b3._.js:5809
[  172782ms] [LOG] [Fast Refresh] rebuilding @ http://localhost:3000/_next/static/chunks/56a5d_next_dist_client_a85426b3._.js:5949
[  173469ms] [LOG] [Fast Refresh] done in 789ms @ http://localhost:3000/_next/static/chunks/56a5d_next_dist_client_a85426b3._.js:5809
[  173570ms] [LOG] [Fast Refresh] rebuilding @ http://localhost:3000/_next/static/chunks/56a5d_next_dist_client_a85426b3._.js:5949
[  173576ms] [LOG] [Fast Refresh] done in 107ms @ http://localhost:3000/_next/static/chunks/56a5d_next_dist_client_a85426b3._.js:5809
[  174002ms] [LOG] [Fast Refresh] rebuilding @ http://localhost:3000/_next/static/chunks/56a5d_next_dist_client_a85426b3._.js:5949
[  174301ms] [LOG] [Fast Refresh] done in 400ms @ http://localhost:3000/_next/static/chunks/56a5d_next_dist_client_a85426b3._.js:5809
[  179777ms] [LOG] [Fast Refresh] rebuilding @ http://localhost:3000/_next/static/chunks/56a5d_next_dist_client_a85426b3._.js:5949
[  179794ms] [LOG] [Fast Refresh] done in 119ms @ http://localhost:3000/_next/static/chunks/56a5d_next_dist_client_a85426b3._.js:5809
[  280136ms] [LOG] [Fast Refresh] rebuilding @ http://localhost:3000/_next/static/chunks/56a5d_next_dist_client_a85426b3._.js:5949
[  280311ms] [LOG] [Fast Refresh] done in 237ms @ http://localhost:3000/_next/static/chunks/56a5d_next_dist_client_a85426b3._.js:5809
[  286951ms] [LOG] [Fast Refresh] rebuilding @ http://localhost:3000/_next/static/chunks/56a5d_next_dist_client_a85426b3._.js:5949
[  286981ms] [LOG] [Fast Refresh] done in 130ms @ http://localhost:3000/_next/static/chunks/56a5d_next_dist_client_a85426b3._.js:5809
[  472633ms] [LOG] [Fast Refresh] rebuilding @ http://localhost:3000/_next/static/chunks/56a5d_next_dist_client_a85426b3._.js:5949
[  472664ms] [LOG] [Fast Refresh] done in 134ms @ http://localhost:3000/_next/static/chunks/56a5d_next_dist_client_a85426b3._.js:5809
[  496197ms] [LOG] [Fast Refresh] rebuilding @ http://localhost:3000/_next/static/chunks/56a5d_next_dist_client_a85426b3._.js:5949
[  496529ms] [LOG] [Fast Refresh] done in 427ms @ http://localhost:3000/_next/static/chunks/56a5d_next_dist_client_a85426b3._.js:5809
[  625705ms] [LOG] [Fast Refresh] rebuilding @ http://localhost:3000/_next/static/chunks/56a5d_next_dist_client_a85426b3._.js:5949
[  625990ms] [LOG] [Fast Refresh] done in 387ms @ http://localhost:3000/_next/static/chunks/56a5d_next_dist_client_a85426b3._.js:5809
[  626535ms] [LOG] [Fast Refresh] rebuilding @ http://localhost:3000/_next/static/chunks/56a5d_next_dist_client_a85426b3._.js:5949
[  626609ms] [LOG] [Fast Refresh] done in 176ms @ http://localhost:3000/_next/static/chunks/56a5d_next_dist_client_a85426b3._.js:5809
[  626711ms] [LOG] [Fast Refresh] rebuilding @ http://localhost:3000/_next/static/chunks/56a5d_next_dist_client_a85426b3._.js:5949
[  628548ms] [LOG] [Fast Refresh] done in 1937ms @ http://localhost:3000/_next/static/chunks/56a5d_next_dist_client_a85426b3._.js:5809
[  628651ms] [LOG] [Fast Refresh] rebuilding @ http://localhost:3000/_next/static/chunks/56a5d_next_dist_client_a85426b3._.js:5949
[  629240ms] [LOG] [Fast Refresh] done in 689ms @ http://localhost:3000/_next/static/chunks/56a5d_next_dist_client_a85426b3._.js:5809
[  629991ms] [LOG] [Fast Refresh] rebuilding @ http://localhost:3000/_next/static/chunks/56a5d_next_dist_client_a85426b3._.js:5949
[  630181ms] [LOG] [Fast Refresh] done in 291ms @ http://localhost:3000/_next/static/chunks/56a5d_next_dist_client_a85426b3._.js:5809
[  631295ms] [LOG] [Fast Refresh] rebuilding @ http://localhost:3000/_next/static/chunks/56a5d_next_dist_client_a85426b3._.js:5949
[  631365ms] [LOG] [Fast Refresh] done in 172ms @ http://localhost:3000/_next/static/chunks/56a5d_next_dist_client_a85426b3._.js:5809
[  631466ms] [LOG] [Fast Refresh] rebuilding @ http://localhost:3000/_next/static/chunks/56a5d_next_dist_client_a85426b3._.js:5949
[  631521ms] [LOG] [Fast Refresh] done in 155ms @ http://localhost:3000/_next/static/chunks/56a5d_next_dist_client_a85426b3._.js:5809
[  631915ms] [LOG] [Fast Refresh] rebuilding @ http://localhost:3000/_next/static/chunks/56a5d_next_dist_client_a85426b3._.js:5949
[  631989ms] [LOG] [Fast Refresh] done in 176ms @ http://localhost:3000/_next/static/chunks/56a5d_next_dist_client_a85426b3._.js:5809
[  632655ms] [LOG] [Fast Refresh] rebuilding @ http://localhost:3000/_next/static/chunks/56a5d_next_dist_client_a85426b3._.js:5949
[  632770ms] [LOG] [Fast Refresh] done in 216ms @ http://localhost:3000/_next/static/chunks/56a5d_next_dist_client_a85426b3._.js:5809
[  633627ms] [LOG] [Fast Refresh] rebuilding @ http://localhost:3000/_next/static/chunks/56a5d_next_dist_client_a85426b3._.js:5949
[  633738ms] [LOG] [Fast Refresh] done in 211ms @ http://localhost:3000/_next/static/chunks/56a5d_next_dist_client_a85426b3._.js:5809
[  634080ms] [LOG] [Fast Refresh] rebuilding @ http://localhost:3000/_next/static/chunks/56a5d_next_dist_client_a85426b3._.js:5949
[  634162ms] [LOG] [Fast Refresh] done in 183ms @ http://localhost:3000/_next/static/chunks/56a5d_next_dist_client_a85426b3._.js:5809
[  635390ms] [LOG] [Fast Refresh] rebuilding @ http://localhost:3000/_next/static/chunks/56a5d_next_dist_client_a85426b3._.js:5949
[  635443ms] [LOG] [Fast Refresh] done in 154ms @ http://localhost:3000/_next/static/chunks/56a5d_next_dist_client_a85426b3._.js:5809
[  636049ms] [LOG] [Fast Refresh] rebuilding @ http://localhost:3000/_next/static/chunks/56a5d_next_dist_client_a85426b3._.js:5949
[  636130ms] [LOG] [Fast Refresh] done in 182ms @ http://localhost:3000/_next/static/chunks/56a5d_next_dist_client_a85426b3._.js:5809
[  636878ms] [LOG] [Fast Refresh] rebuilding @ http://localhost:3000/_next/static/chunks/56a5d_next_dist_client_a85426b3._.js:5949
[  636956ms] [LOG] [Fast Refresh] done in 179ms @ http://localhost:3000/_next/static/chunks/56a5d_next_dist_client_a85426b3._.js:5809
[  637071ms] [LOG] [Fast Refresh] rebuilding @ http://localhost:3000/_next/static/chunks/56a5d_next_dist_client_a85426b3._.js:5949
[  637153ms] [LOG] [Fast Refresh] done in 183ms @ http://localhost:3000/_next/static/chunks/56a5d_next_dist_client_a85426b3._.js:5809
[  637331ms] [LOG] [Fast Refresh] rebuilding @ http://localhost:3000/_next/static/chunks/56a5d_next_dist_client_a85426b3._.js:5949
[  637415ms] [LOG] [Fast Refresh] done in 185ms @ http://localhost:3000/_next/static/chunks/56a5d_next_dist_client_a85426b3._.js:5809
[  637604ms] [LOG] [Fast Refresh] rebuilding @ http://localhost:3000/_next/static/chunks/56a5d_next_dist_client_a85426b3._.js:5949
[  637738ms] [LOG] [Fast Refresh] done in 235ms @ http://localhost:3000/_next/static/chunks/56a5d_next_dist_client_a85426b3._.js:5809
[  637839ms] [LOG] [Fast Refresh] rebuilding @ http://localhost:3000/_next/static/chunks/56a5d_next_dist_client_a85426b3._.js:5949
[  637887ms] [LOG] [Fast Refresh] done in 148ms @ http://localhost:3000/_next/static/chunks/56a5d_next_dist_client_a85426b3._.js:5809
[  638241ms] [LOG] [Fast Refresh] rebuilding @ http://localhost:3000/_next/static/chunks/56a5d_next_dist_client_a85426b3._.js:5949
[  638305ms] [LOG] [Fast Refresh] done in 165ms @ http://localhost:3000/_next/static/chunks/56a5d_next_dist_client_a85426b3._.js:5809
[  638407ms] [LOG] [Fast Refresh] rebuilding @ http://localhost:3000/_next/static/chunks/56a5d_next_dist_client_a85426b3._.js:5949
[  638418ms] [LOG] [Fast Refresh] done in 113ms @ http://localhost:3000/_next/static/chunks/56a5d_next_dist_client_a85426b3._.js:5809
[  638575ms] [LOG] [Fast Refresh] rebuilding @ http://localhost:3000/_next/static/chunks/56a5d_next_dist_client_a85426b3._.js:5949
[  638656ms] [LOG] [Fast Refresh] done in 182ms @ http://localhost:3000/_next/static/chunks/56a5d_next_dist_client_a85426b3._.js:5809
[  638766ms] [LOG] [Fast Refresh] rebuilding @ http://localhost:3000/_next/static/chunks/56a5d_next_dist_client_a85426b3._.js:5949
[  638827ms] [LOG] [Fast Refresh] done in 161ms @ http://localhost:3000/_next/static/chunks/56a5d_next_dist_client_a85426b3._.js:5809
[  639122ms] [LOG] [Fast Refresh] rebuilding @ http://localhost:3000/_next/static/chunks/56a5d_next_dist_client_a85426b3._.js:5949
[  639207ms] [LOG] [Fast Refresh] done in 187ms @ http://localhost:3000/_next/static/chunks/56a5d_next_dist_client_a85426b3._.js:5809
[  639308ms] [LOG] [Fast Refresh] rebuilding @ http://localhost:3000/_next/static/chunks/56a5d_next_dist_client_a85426b3._.js:5949
[  639707ms] [LOG] [Fast Refresh] done in 499ms @ http://localhost:3000/_next/static/chunks/56a5d_next_dist_client_a85426b3._.js:5809
[  640214ms] [LOG] [Fast Refresh] rebuilding @ http://localhost:3000/_next/static/chunks/56a5d_next_dist_client_a85426b3._.js:5949
[  640404ms] [LOG] [Fast Refresh] done in 290ms @ http://localhost:3000/_next/static/chunks/56a5d_next_dist_client_a85426b3._.js:5809
[  640504ms] [LOG] [Fast Refresh] rebuilding @ http://localhost:3000/_next/static/chunks/56a5d_next_dist_client_a85426b3._.js:5949
[  640583ms] [LOG] [Fast Refresh] done in 179ms @ http://localhost:3000/_next/static/chunks/56a5d_next_dist_client_a85426b3._.js:5809
[  641465ms] [LOG] [Fast Refresh] rebuilding @ http://localhost:3000/_next/static/chunks/56a5d_next_dist_client_a85426b3._.js:5949
[  641771ms] [LOG] [Fast Refresh] done in 407ms @ http://localhost:3000/_next/static/chunks/56a5d_next_dist_client_a85426b3._.js:5809
[  900648ms] [LOG] [Fast Refresh] rebuilding @ http://localhost:3000/_next/static/chunks/56a5d_next_dist_client_a85426b3._.js:5949
[  900669ms] [LOG] [Fast Refresh] done in 123ms @ http://localhost:3000/_next/static/chunks/56a5d_next_dist_client_a85426b3._.js:5809
[  921434ms] [LOG] [Fast Refresh] rebuilding @ http://localhost:3000/_next/static/chunks/56a5d_next_dist_client_a85426b3._.js:5949
[  921781ms] [LOG] [Fast Refresh] done in 438ms @ http://localhost:3000/_next/static/chunks/56a5d_next_dist_client_a85426b3._.js:5809
[ 1054921ms] [LOG] [Fast Refresh] rebuilding @ http://localhost:3000/_next/static/chunks/56a5d_next_dist_client_a85426b3._.js:5949
[ 1055115ms] [LOG] [Fast Refresh] done in 295ms @ http://localhost:3000/_next/static/chunks/56a5d_next_dist_client_a85426b3._.js:5809
[ 1306475ms] [LOG] [Fast Refresh] rebuilding @ http://localhost:3000/_next/static/chunks/56a5d_next_dist_client_a85426b3._.js:5949
[ 1306605ms] [LOG] [Fast Refresh] done in 223ms @ http://localhost:3000/_next/static/chunks/56a5d_next_dist_client_a85426b3._.js:5809
[ 1311175ms] [LOG] [Fast Refresh] rebuilding @ http://localhost:3000/_next/static/chunks/56a5d_next_dist_client_a85426b3._.js:5949
[ 1311393ms] [LOG] [Fast Refresh] done in 319ms @ http://localhost:3000/_next/static/chunks/56a5d_next_dist_client_a85426b3._.js:5809
[ 1313211ms] [LOG] [Fast Refresh] rebuilding @ http://localhost:3000/_next/static/chunks/56a5d_next_dist_client_a85426b3._.js:5949
[ 1313248ms] [LOG] [Fast Refresh] done in 137ms @ http://localhost:3000/_next/static/chunks/56a5d_next_dist_client_a85426b3._.js:5809
[ 1344403ms] [LOG] [Fast Refresh] rebuilding @ http://localhost:3000/_next/static/chunks/56a5d_next_dist_client_a85426b3._.js:5949
[ 1344428ms] [LOG] [Fast Refresh] done in 114ms @ http://localhost:3000/_next/static/chunks/56a5d_next_dist_client_a85426b3._.js:5809
[ 1356078ms] [LOG] [Fast Refresh] rebuilding @ http://localhost:3000/_next/static/chunks/56a5d_next_dist_client_a85426b3._.js:5949
[ 1356252ms] [LOG] [Fast Refresh] done in 276ms @ http://localhost:3000/_next/static/chunks/56a5d_next_dist_client_a85426b3._.js:5809
